This is XeTeX, Version 3.141592653-2.6-0.999995 (TeX Live 2023/Debian) (preloaded format=xelatex 2026.8.13)  18 SEP 2026 15:09
entering extended mode
 restricted \write18 enabled.
 %&-line parsing enabled.
**print.tex
(./print.tex
LaTeX2e <2023-11-01> patch level 1
L3 programming layer <2024-01-22>
(/usr/share/texlive/texmf-dist/tex/latex/base/report.cls
Document Class: report 2023/05/17 v1.4n Standard LaTeX document class
(/usr/share/texlive/texmf-dist/tex/latex/base/size10.clo
File: size10.clo 2023/05/17 v1.4n Standard LaTeX file (size option)
)
\c@part=\count183
\c@chapter=\count184
\c@section=\count185
\c@subsection=\count186
\c@subsubsection=\count187
\c@paragraph=\count188
\c@subparagraph=\count189
\c@figure=\count190
\c@table=\count191
\abovecaptionskip=\skip48
\belowcaptionskip=\skip49
\bibindent=\dimen140
)
(/usr/share/texlive/texmf-dist/tex/latex/geometry/geometry.sty
Package: geometry 2020/01/02 v5.9 Page Geometry

(/usr/share/texlive/texmf-dist/tex/latex/graphics/keyval.sty
Package: keyval 2022/05/29 v1.15 key=value parser (DPC)
\KV@toks@=\toks17
)
(/usr/share/texlive/texmf-dist/tex/generic/iftex/ifvtex.sty
Package: ifvtex 2019/10/25 v1.7 ifvtex legacy package. Use iftex instead.

(/usr/share/texlive/texmf-dist/tex/generic/iftex/iftex.sty
Package: iftex 2022/02/03 v1.0f TeX engine tests
))
\Gm@cnth=\count192
\Gm@cntv=\count193
\c@Gm@tempcnt=\count194
\Gm@bindingoffset=\dimen141
\Gm@wd@mp=\dimen142
\Gm@odd@mp=\dimen143
\Gm@even@mp=\dimen144
\Gm@layoutwidth=\dimen145
\Gm@layoutheight=\dimen146
\Gm@layouthoffset=\dimen147
\Gm@layoutvoffset=\dimen148
\Gm@dimlist=\toks18
)
(/usr/share/texlive/texmf-dist/tex/latex/l3kernel/expl3.sty
Package: expl3 2024-01-22 L3 programming layer (loader) 

(/usr/share/texlive/texmf-dist/tex/latex/l3backend/l3backend-xetex.def
File: l3backend-xetex.def 2024-01-04 L3 backend support: XeTeX
\g__graphics_track_int=\count195
\l__pdf_internal_box=\box51
\g__pdf_backend_object_int=\count196
\g__pdf_backend_annotation_int=\count197
\g__pdf_backend_link_int=\count198
))
(/usr/share/texlive/texmf-dist/tex/latex/amsfonts/amssymb.sty
Package: amssymb 2013/01/14 v3.01 AMS font symbols

(/usr/share/texlive/texmf-dist/tex/latex/amsfonts/amsfonts.sty
Package: amsfonts 2013/01/14 v3.01 Basic AMSFonts support
\@emptytoks=\toks19
\symAMSa=\mathgroup4
\symAMSb=\mathgroup5
LaTeX Font Info:    Redeclaring math symbol \hbar on input line 98.
LaTeX Font Info:    Overwriting math alphabet `\mathfrak' in version `bold'
(Font)                  U/euf/m/n --> U/euf/b/n on input line 106.
))
(/usr/share/texlive/texmf-dist/tex/latex/amscls/amsthm.sty
Package: amsthm 2020/05/29 v2.20.6
\thm@style=\toks20
\thm@bodyfont=\toks21
\thm@headfont=\toks22
\thm@notefont=\toks23
\thm@headpunct=\toks24
\thm@preskip=\skip50
\thm@postskip=\skip51
\thm@headsep=\skip52
\dth@everypar=\toks25
)
(/usr/share/texlive/texmf-dist/tex/latex/mathtools/mathtools.sty
Package: mathtools 2022/06/29 v1.29 mathematical typesetting tools

(/usr/share/texlive/texmf-dist/tex/latex/tools/calc.sty
Package: calc 2023/07/08 v4.3 Infix arithmetic (KKT,FJ)
\calc@Acount=\count199
\calc@Bcount=\count266
\calc@Adimen=\dimen149
\calc@Bdimen=\dimen150
\calc@Askip=\skip53
\calc@Bskip=\skip54
LaTeX Info: Redefining \setlength on input line 80.
LaTeX Info: Redefining \addtolength on input line 81.
\calc@Ccount=\count267
\calc@Cskip=\skip55
)
(/usr/share/texlive/texmf-dist/tex/latex/mathtools/mhsetup.sty
Package: mhsetup 2021/03/18 v1.4 programming setup (MH)
)
(/usr/share/texlive/texmf-dist/tex/latex/amsmath/amsmath.sty
Package: amsmath 2023/05/13 v2.17o AMS math features
\@mathmargin=\skip56

For additional information on amsmath, use the `?' option.
(/usr/share/texlive/texmf-dist/tex/latex/amsmath/amstext.sty
Package: amstext 2021/08/26 v2.01 AMS text

(/usr/share/texlive/texmf-dist/tex/latex/amsmath/amsgen.sty
File: amsgen.sty 1999/11/30 v2.0 generic functions
\@emptytoks=\toks26
\ex@=\dimen151
))
(/usr/share/texlive/texmf-dist/tex/latex/amsmath/amsbsy.sty
Package: amsbsy 1999/11/29 v1.2d Bold Symbols
\pmbraise@=\dimen152
)
(/usr/share/texlive/texmf-dist/tex/latex/amsmath/amsopn.sty
Package: amsopn 2022/04/08 v2.04 operator names
)
\inf@bad=\count268
LaTeX Info: Redefining \frac on input line 234.
\uproot@=\count269
\leftroot@=\count270
LaTeX Info: Redefining \overline on input line 399.
LaTeX Info: Redefining \colon on input line 410.
\classnum@=\count271
\DOTSCASE@=\count272
LaTeX Info: Redefining \ldots on input line 496.
LaTeX Info: Redefining \dots on input line 499.
LaTeX Info: Redefining \cdots on input line 620.
\Mathstrutbox@=\box52
\strutbox@=\box53
LaTeX Info: Redefining \big on input line 722.
LaTeX Info: Redefining \Big on input line 723.
LaTeX Info: Redefining \bigg on input line 724.
LaTeX Info: Redefining \Bigg on input line 725.
\big@size=\dimen153
LaTeX Font Info:    Redeclaring font encoding OML on input line 743.
LaTeX Font Info:    Redeclaring font encoding OMS on input line 744.
\macc@depth=\count273
LaTeX Info: Redefining \bmod on input line 905.
LaTeX Info: Redefining \pmod on input line 910.
LaTeX Info: Redefining \smash on input line 940.
LaTeX Info: Redefining \relbar on input line 970.
LaTeX Info: Redefining \Relbar on input line 971.
\c@MaxMatrixCols=\count274
\dotsspace@=\muskip16
\c@parentequation=\count275
\dspbrk@lvl=\count276
\tag@help=\toks27
\row@=\count277
\column@=\count278
\maxfields@=\count279
\andhelp@=\toks28
\eqnshift@=\dimen154
\alignsep@=\dimen155
\tagshift@=\dimen156
\tagwidth@=\dimen157
\totwidth@=\dimen158
\lineht@=\dimen159
\@envbody=\toks29
\multlinegap=\skip57
\multlinetaggap=\skip58
\mathdisplay@stack=\toks30
LaTeX Info: Redefining \[ on input line 2953.
LaTeX Info: Redefining \] on input line 2954.
)
\g_MT_multlinerow_int=\count280
\l_MT_multwidth_dim=\dimen160
\origjot=\skip59
\l_MT_shortvdotswithinadjustabove_dim=\dimen161
\l_MT_shortvdotswithinadjustbelow_dim=\dimen162
\l_MT_above_intertext_sep=\dimen163
\l_MT_below_intertext_sep=\dimen164
\l_MT_above_shortintertext_sep=\dimen165
\l_MT_below_shortintertext_sep=\dimen166
\xmathstrut@box=\box54
\xmathstrut@dim=\dimen167
)
(/usr/share/texlive/texmf-dist/tex/latex/hyperref/hyperref.sty
Package: hyperref 2024-01-20 v7.01h Hypertext links for LaTeX

(/usr/share/texlive/texmf-dist/tex/latex/kvsetkeys/kvsetkeys.sty
Package: kvsetkeys 2022-10-05 v1.19 Key value parser (HO)
)
(/usr/share/texlive/texmf-dist/tex/generic/kvdefinekeys/kvdefinekeys.sty
Package: kvdefinekeys 2019-12-19 v1.6 Define keys (HO)
)
(/usr/share/texlive/texmf-dist/tex/generic/pdfescape/pdfescape.sty
Package: pdfescape 2019/12/09 v1.15 Implements pdfTeX's escape features (HO)

(/usr/share/texlive/texmf-dist/tex/generic/ltxcmds/ltxcmds.sty
Package: ltxcmds 2023-12-04 v1.26 LaTeX kernel commands for general use (HO)
)
(/usr/share/texlive/texmf-dist/tex/generic/pdftexcmds/pdftexcmds.sty
Package: pdftexcmds 2020-06-27 v0.33 Utility functions of pdfTeX for LuaTeX (HO
)

(/usr/share/texlive/texmf-dist/tex/generic/infwarerr/infwarerr.sty
Package: infwarerr 2019/12/03 v1.5 Providing info/warning/error messages (HO)
)
Package pdftexcmds Info: \pdf@primitive is available.
Package pdftexcmds Info: \pdf@ifprimitive is available.
Package pdftexcmds Info: \pdfdraftmode not found.
))
(/usr/share/texlive/texmf-dist/tex/latex/hycolor/hycolor.sty
Package: hycolor 2020-01-27 v1.10 Color options for hyperref/bookmark (HO)
)
(/usr/share/texlive/texmf-dist/tex/latex/auxhook/auxhook.sty
Package: auxhook 2019-12-17 v1.6 Hooks for auxiliary files (HO)
)
(/usr/share/texlive/texmf-dist/tex/latex/hyperref/nameref.sty
Package: nameref 2023-11-26 v2.56 Cross-referencing by name of section

(/usr/share/texlive/texmf-dist/tex/latex/refcount/refcount.sty
Package: refcount 2019/12/15 v3.6 Data extraction from label references (HO)
)
(/usr/share/texlive/texmf-dist/tex/generic/gettitlestring/gettitlestring.sty
Package: gettitlestring 2019/12/15 v1.6 Cleanup title references (HO)

(/usr/share/texlive/texmf-dist/tex/latex/kvoptions/kvoptions.sty
Package: kvoptions 2022-06-15 v3.15 Key value format for package options (HO)
))
\c@section@level=\count281
)
(/usr/share/texlive/texmf-dist/tex/latex/etoolbox/etoolbox.sty
Package: etoolbox 2020/10/05 v2.5k e-TeX tools for LaTeX (JAW)
\etb@tempcnta=\count282
)
\@linkdim=\dimen168
\Hy@linkcounter=\count283
\Hy@pagecounter=\count284

(/usr/share/texlive/texmf-dist/tex/latex/hyperref/pd1enc.def
File: pd1enc.def 2024-01-20 v7.01h Hyperref: PDFDocEncoding definition (HO)
)
(/usr/share/texlive/texmf-dist/tex/generic/intcalc/intcalc.sty
Package: intcalc 2019/12/15 v1.3 Expandable calculations with integers (HO)
)
\Hy@SavedSpaceFactor=\count285

(/usr/share/texlive/texmf-dist/tex/latex/hyperref/puenc.def
File: puenc.def 2024-01-20 v7.01h Hyperref: PDF Unicode definition (HO)
)
Package hyperref Info: Option `unicode' set `true' on input line 4062.
Package hyperref Info: Option `colorlinks' set `true' on input line 4062.
Package hyperref Info: Hyper figures OFF on input line 4179.
Package hyperref Info: Link nesting OFF on input line 4184.
Package hyperref Info: Hyper index ON on input line 4187.
Package hyperref Info: Plain pages OFF on input line 4194.
Package hyperref Info: Backreferencing OFF on input line 4199.
Package hyperref Info: Implicit mode ON; LaTeX internals redefined.
Package hyperref Info: Bookmarks ON on input line 4446.
\c@Hy@tempcnt=\count286

(/usr/share/texlive/texmf-dist/tex/latex/url/url.sty
\Urlmuskip=\muskip17
Package: url 2013/09/16  ver 3.4  Verb mode for urls, etc.
)
LaTeX Info: Redefining \url on input line 4784.
\XeTeXLinkMargin=\dimen169

(/usr/share/texlive/texmf-dist/tex/generic/bitset/bitset.sty
Package: bitset 2019/12/09 v1.3 Handle bit-vector datatype (HO)

(/usr/share/texlive/texmf-dist/tex/generic/bigintcalc/bigintcalc.sty
Package: bigintcalc 2019/12/15 v1.5 Expandable calculations on big integers (HO
)
))
\Fld@menulength=\count287
\Field@Width=\dimen170
\Fld@charsize=\dimen171
Package hyperref Info: Hyper figures OFF on input line 6063.
Package hyperref Info: Link nesting OFF on input line 6068.
Package hyperref Info: Hyper index ON on input line 6071.
Package hyperref Info: backreferencing OFF on input line 6078.
Package hyperref Info: Link coloring ON on input line 6081.
Package hyperref Info: Link coloring with OCG OFF on input line 6088.
Package hyperref Info: PDF/A mode OFF on input line 6093.

(/usr/share/texlive/texmf-dist/tex/latex/base/atbegshi-ltx.sty
Package: atbegshi-ltx 2021/01/10 v1.0c Emulation of the original atbegshi
package with kernel methods
)
\Hy@abspage=\count288
\c@Item=\count289
\c@Hfootnote=\count290
)
Package hyperref Info: Driver (autodetected): hxetex.

(/usr/share/texlive/texmf-dist/tex/latex/hyperref/hxetex.def
File: hxetex.def 2024-01-20 v7.01h Hyperref driver for XeTeX

(/usr/share/texlive/texmf-dist/tex/generic/stringenc/stringenc.sty
Package: stringenc 2019/11/29 v1.12 Convert strings between diff. encodings (HO
)
)
\pdfm@box=\box55
\c@Hy@AnnotLevel=\count291
\HyField@AnnotCount=\count292
\Fld@listcount=\count293
\c@bookmark@seq@number=\count294

(/usr/share/texlive/texmf-dist/tex/latex/rerunfilecheck/rerunfilecheck.sty
Package: rerunfilecheck 2022-07-10 v1.10 Rerun checks for auxiliary files (HO)

(/usr/share/texlive/texmf-dist/tex/latex/base/atveryend-ltx.sty
Package: atveryend-ltx 2020/08/19 v1.0a Emulation of the original atveryend pac
kage
with kernel methods
)
(/usr/share/texlive/texmf-dist/tex/generic/uniquecounter/uniquecounter.sty
Package: uniquecounter 2019/12/15 v1.4 Provide unlimited unique counter (HO)
)
Package uniquecounter Info: New unique counter `rerunfilecheck' on input line 2
85.
)
\Hy@SectionHShift=\skip60
)
(/usr/share/texlive/texmf-dist/tex/latex/unicode-math/unicode-math.sty
Package: unicode-math 2023/08/13 v0.8r Unicode maths in XeLaTeX and LuaLaTeX

(/usr/share/texlive/texmf-dist/tex/latex/unicode-math/unicode-math-xetex.sty
Package: unicode-math-xetex 2023/08/13 v0.8r Unicode maths in XeLaTeX and LuaLa
TeX

(/usr/share/texlive/texmf-dist/tex/latex/l3packages/xparse/xparse.sty
Package: xparse 2023-10-10 L3 Experimental document command parser
)
(/usr/share/texlive/texmf-dist/tex/latex/l3packages/l3keys2e/l3keys2e.sty
Package: l3keys2e 2023-10-10 LaTeX2e option processing using LaTeX3 keys
)
(/usr/share/texlive/texmf-dist/tex/latex/fontspec/fontspec.sty
Package: fontspec 2022/01/15 v2.8a Font selection for XeLaTeX and LuaLaTeX

(/usr/share/texlive/texmf-dist/tex/latex/fontspec/fontspec-xetex.sty
Package: fontspec-xetex 2022/01/15 v2.8a Font selection for XeLaTeX and LuaLaTe
X
\l__fontspec_script_int=\count295
\l__fontspec_language_int=\count296
\l__fontspec_strnum_int=\count297
\l__fontspec_tmp_int=\count298
\l__fontspec_tmpa_int=\count299
\l__fontspec_tmpb_int=\count300
\l__fontspec_tmpc_int=\count301
\l__fontspec_em_int=\count302
\l__fontspec_emdef_int=\count303
\l__fontspec_strong_int=\count304
\l__fontspec_strongdef_int=\count305
\l__fontspec_tmpa_dim=\dimen172
\l__fontspec_tmpb_dim=\dimen173
\l__fontspec_tmpc_dim=\dimen174

(/usr/share/texlive/texmf-dist/tex/latex/base/fontenc.sty
Package: fontenc 2021/04/29 v2.0v Standard LaTeX package
)
(/usr/share/texlive/texmf-dist/tex/latex/fontspec/fontspec.cfg)))
(/usr/share/texlive/texmf-dist/tex/latex/base/fix-cm.sty
Package: fix-cm 2020/11/24 v1.1t fixes to LaTeX

(/usr/share/texlive/texmf-dist/tex/latex/base/ts1enc.def
File: ts1enc.def 2001/06/05 v3.0e (jk/car/fm) Standard LaTeX file
LaTeX Font Info:    Redeclaring font encoding TS1 on input line 47.
))
\g__um_fam_int=\count306
\g__um_fonts_used_int=\count307
\l__um_primecount_int=\count308
\g__um_primekern_muskip=\muskip18

(/usr/share/texlive/texmf-dist/tex/latex/unicode-math/unicode-math-table.tex)))
(/usr/share/texlive/texmf-dist/tex/latex/cleveref/cleveref.sty
Package: cleveref 2018/03/27 v0.21.4 Intelligent cross-referencing
Package cleveref Info: `hyperref' support loaded on input line 2370.
LaTeX Info: Redefining \cref on input line 2370.
LaTeX Info: Redefining \Cref on input line 2370.
LaTeX Info: Redefining \crefrange on input line 2370.
LaTeX Info: Redefining \Crefrange on input line 2370.
LaTeX Info: Redefining \cpageref on input line 2370.
LaTeX Info: Redefining \Cpageref on input line 2370.
LaTeX Info: Redefining \cpagerefrange on input line 2370.
LaTeX Info: Redefining \Cpagerefrange on input line 2370.
LaTeX Info: Redefining \labelcref on input line 2370.
LaTeX Info: Redefining \labelcpageref on input line 2370.
Package cleveref Info: `amsthm' support loaded on input line 3026.
)
(./macros/common.tex
\c@theorem=\count309
\c@lemma=\count310
) (./macros/print.tex)
(/home/arend/lean/lean-bombieri-vinogradov-dev/blueprint/print/print.aux)
\openout1 = `print.aux'.

LaTeX Font Info:    Checking defaults for OML/cmm/m/it on input line 34.
LaTeX Font Info:    ... okay on input line 34.
LaTeX Font Info:    Checking defaults for OMS/cmsy/m/n on input line 34.
LaTeX Font Info:    ... okay on input line 34.
LaTeX Font Info:    Checking defaults for OT1/cmr/m/n on input line 34.
LaTeX Font Info:    ... okay on input line 34.
LaTeX Font Info:    Checking defaults for T1/cmr/m/n on input line 34.
LaTeX Font Info:    ... okay on input line 34.
LaTeX Font Info:    Checking defaults for TS1/cmr/m/n on input line 34.
LaTeX Font Info:    ... okay on input line 34.
LaTeX Font Info:    Checking defaults for TU/lmr/m/n on input line 34.
LaTeX Font Info:    ... okay on input line 34.
LaTeX Font Info:    Checking defaults for OMX/cmex/m/n on input line 34.
LaTeX Font Info:    ... okay on input line 34.
LaTeX Font Info:    Checking defaults for U/cmr/m/n on input line 34.
LaTeX Font Info:    ... okay on input line 34.
LaTeX Font Info:    Checking defaults for PD1/pdf/m/n on input line 34.
LaTeX Font Info:    ... okay on input line 34.
LaTeX Font Info:    Checking defaults for PU/pdf/m/n on input line 34.
LaTeX Font Info:    ... okay on input line 34.

*geometry* driver: auto-detecting
*geometry* detected driver: xetex
*geometry* verbose mode - [ preamble ] result:
* driver: xetex
* paper: a4paper
* layout: <same size as paper>
* layoutoffset:(h,v)=(0.0pt,0.0pt)
* modes: 
* h-part:(L,W,R)=(89.62709pt, 418.25368pt, 89.6271pt)
* v-part:(T,H,B)=(101.40665pt, 591.5302pt, 152.11pt)
* \paperwidth=597.50787pt
* \paperheight=845.04684pt
* \textwidth=418.25368pt
* \textheight=591.5302pt
* \oddsidemargin=17.3571pt
* \evensidemargin=17.3571pt
* \topmargin=-7.86334pt
* \headheight=12.0pt
* \headsep=25.0pt
* \topskip=10.0pt
* \footskip=30.0pt
* \marginparwidth=57.0pt
* \marginparsep=11.0pt
* \columnsep=10.0pt
* \skip\footins=9.0pt plus 4.0pt minus 2.0pt
* \hoffset=0.0pt
* \voffset=0.0pt
* \mag=1000
* \@twocolumnfalse
* \@twosidefalse
* \@mparswitchfalse
* \@reversemarginfalse
* (1in=72.27pt=25.4mm, 1cm=28.453pt)

(/usr/share/texlive/texmf-dist/tex/latex/graphics/graphicx.sty
Package: graphicx 2021/09/16 v1.2d Enhanced LaTeX Graphics (DPC,SPQR)

(/usr/share/texlive/texmf-dist/tex/latex/graphics/graphics.sty
Package: graphics 2022/03/10 v1.4e Standard LaTeX Graphics (DPC,SPQR)

(/usr/share/texlive/texmf-dist/tex/latex/graphics/trig.sty
Package: trig 2021/08/11 v1.11 sin cos tan (DPC)
)
(/usr/share/texlive/texmf-dist/tex/latex/graphics-cfg/graphics.cfg
File: graphics.cfg 2016/06/04 v1.11 sample graphics configuration
)
Package graphics Info: Driver file: xetex.def on input line 107.

(/usr/share/texlive/texmf-dist/tex/latex/graphics-def/xetex.def
File: xetex.def 2022/09/22 v5.0n Graphics/color driver for xetex
))
\Gin@req@height=\dimen175
\Gin@req@width=\dimen176
)
(/usr/share/texlive/texmf-dist/tex/latex/graphics/color.sty
Package: color 2022/01/06 v1.3d Standard LaTeX Color (DPC)

(/usr/share/texlive/texmf-dist/tex/latex/graphics-cfg/color.cfg
File: color.cfg 2016/01/02 v1.6 sample color configuration
)
Package color Info: Driver file: xetex.def on input line 149.

(/usr/share/texlive/texmf-dist/tex/latex/graphics/mathcolor.ltx))
Package hyperref Info: Link coloring ON on input line 34.

(/home/arend/lean/lean-bombieri-vinogradov-dev/blueprint/print/print.out)
(/home/arend/lean/lean-bombieri-vinogradov-dev/blueprint/print/print.out)
\@outlinefile=\write3
\openout3 = `print.out'.

LaTeX Font Info:    Overwriting math alphabet `\mathrm' in version `normal'
(Font)                  OT1/cmr/m/n --> TU/lmr/m/n on input line 34.
LaTeX Font Info:    Overwriting math alphabet `\mathit' in version `normal'
(Font)                  OT1/cmr/m/it --> TU/lmr/m/it on input line 34.
LaTeX Font Info:    Overwriting math alphabet `\mathbf' in version `normal'
(Font)                  OT1/cmr/bx/n --> TU/lmr/bx/n on input line 34.
LaTeX Font Info:    Overwriting math alphabet `\mathsf' in version `normal'
(Font)                  OT1/cmss/m/n --> TU/lmss/m/n on input line 34.
LaTeX Font Info:    Overwriting math alphabet `\mathsf' in version `bold'
(Font)                  OT1/cmss/bx/n --> TU/lmss/bx/n on input line 34.
LaTeX Font Info:    Overwriting math alphabet `\mathtt' in version `normal'
(Font)                  OT1/cmtt/m/n --> TU/lmtt/m/n on input line 34.
LaTeX Font Info:    Overwriting math alphabet `\mathtt' in version `bold'
(Font)                  OT1/cmtt/m/n --> TU/lmtt/bx/n on input line 34.

Package fontspec Info: Font family 'latinmodern-math.otf(0)' created for font
(fontspec)             'latinmodern-math.otf' with options
(fontspec)             [BoldItalicFont={},ItalicFont={},SmallCapsFont={},Script
=Math,BoldFont={latinmodern-math.otf}].
(fontspec)              
(fontspec)              This font family consists of the following NFSS
(fontspec)             series/shapes:
(fontspec)              
(fontspec)             - 'normal' (m/n) with NFSS spec.:
(fontspec)             <->"[latinmodern-math.otf]/OT:script=math;language=dflt;
"
(fontspec)             - 'small caps'  (m/sc) with NFSS spec.: 
(fontspec)             - 'bold' (b/n) with NFSS spec.:
(fontspec)             <->"[latinmodern-math.otf]/OT:script=math;language=dflt;
"
(fontspec)             - 'bold small caps'  (b/sc) with NFSS spec.: 


Package fontspec Info: Font family 'latinmodern-math.otf(1)' created for font
(fontspec)             'latinmodern-math.otf' with options
(fontspec)             [BoldItalicFont={},ItalicFont={},SmallCapsFont={},Script
=Math,SizeFeatures={{Size=8.5-},{Size=6-8.5,Font=latinmodern-math.otf,Style=Mat
hScript},{Size=-6,Font=latinmodern-math.otf,Style=MathScriptScript}},BoldFont={
latinmodern-math.otf}].
(fontspec)              
(fontspec)              This font family consists of the following NFSS
(fontspec)             series/shapes:
(fontspec)              
(fontspec)             - 'normal' (m/n) with NFSS spec.:
(fontspec)             <8.5->"[latinmodern-math.otf]/OT:script=math;language=df
lt;"<6-8.5>"[latinmodern-math.otf]/OT:script=math;language=dflt;+ssty=0;"<-6>"[
latinmodern-math.otf]/OT:script=math;language=dflt;+ssty=1;"
(fontspec)             - 'small caps'  (m/sc) with NFSS spec.: 
(fontspec)             - 'bold' (b/n) with NFSS spec.:
(fontspec)             <->"[latinmodern-math.otf]/OT:script=math;language=dflt;
"
(fontspec)             - 'bold small caps'  (b/sc) with NFSS spec.: 

LaTeX Font Info:    Encoding `OT1' has changed to `TU' for symbol font
(Font)              `operators' in the math version `normal' on input line 34.
LaTeX Font Info:    Overwriting symbol font `operators' in version `normal'
(Font)                  OT1/cmr/m/n --> TU/latinmodern-math.otf(1)/m/n on input
 line 34.
LaTeX Font Info:    Encoding `OT1' has changed to `TU' for symbol font
(Font)              `operators' in the math version `bold' on input line 34.
LaTeX Font Info:    Overwriting symbol font `operators' in version `bold'
(Font)                  OT1/cmr/bx/n --> TU/latinmodern-math.otf(1)/b/n on inpu
t line 34.

Package fontspec Info: latinmodern-math scale = 1.0001.


Package fontspec Info: latinmodern-math scale = 1.0001.


Package fontspec Info: latinmodern-math scale = 1.0001.


Package fontspec Info: latinmodern-math scale = 1.0001.


Package fontspec Info: latinmodern-math scale = 1.0001.


Package fontspec Info: Font family 'latinmodern-math.otf(2)' created for font
(fontspec)             'latinmodern-math.otf' with options
(fontspec)             [BoldItalicFont={},ItalicFont={},SmallCapsFont={},Script
=Math,SizeFeatures={{Size=8.5-},{Size=6-8.5,Font=latinmodern-math.otf,Style=Mat
hScript},{Size=-6,Font=latinmodern-math.otf,Style=MathScriptScript}},BoldFont={
latinmodern-math.otf},ScaleAgain=1.0001,FontAdjustment={\fontdimen
(fontspec)             8\font =6.77pt\relax \fontdimen 9\font =3.94pt\relax
(fontspec)             \fontdimen 10\font =4.44pt\relax \fontdimen 11\font
(fontspec)             =6.86pt\relax \fontdimen 12\font =3.45pt\relax
(fontspec)             \fontdimen 13\font =3.63pt\relax \fontdimen 14\font
(fontspec)             =3.63pt\relax \fontdimen 15\font =2.89pt\relax
(fontspec)             \fontdimen 16\font =2.47pt\relax \fontdimen 17\font
(fontspec)             =2.47pt\relax \fontdimen 18\font =2.5pt\relax
(fontspec)             \fontdimen 19\font =2.0pt\relax \fontdimen 22\font
(fontspec)             =2.5pt\relax \fontdimen 20\font =0pt\relax \fontdimen
(fontspec)             21\font =0pt\relax }].
(fontspec)              
(fontspec)              This font family consists of the following NFSS
(fontspec)             series/shapes:
(fontspec)              
(fontspec)             - 'normal' (m/n) with NFSS spec.:
(fontspec)             <8.5->s*[1.0001]"[latinmodern-math.otf]/OT:script=math;l
anguage=dflt;"<6-8.5>s*[1.0001]"[latinmodern-math.otf]/OT:script=math;language=
dflt;+ssty=0;"<-6>s*[1.0001]"[latinmodern-math.otf]/OT:script=math;language=dfl
t;+ssty=1;"
(fontspec)             - 'small caps'  (m/sc) with NFSS spec.: 
(fontspec)             and font adjustment code:
(fontspec)             \fontdimen 8\font =6.77pt\relax \fontdimen 9\font
(fontspec)             =3.94pt\relax \fontdimen 10\font =4.44pt\relax
(fontspec)             \fontdimen 11\font =6.86pt\relax \fontdimen 12\font
(fontspec)             =3.45pt\relax \fontdimen 13\font =3.63pt\relax
(fontspec)             \fontdimen 14\font =3.63pt\relax \fontdimen 15\font
(fontspec)             =2.89pt\relax \fontdimen 16\font =2.47pt\relax
(fontspec)             \fontdimen 17\font =2.47pt\relax \fontdimen 18\font
(fontspec)             =2.5pt\relax \fontdimen 19\font =2.0pt\relax \fontdimen
(fontspec)             22\font =2.5pt\relax \fontdimen 20\font =0pt\relax
(fontspec)             \fontdimen 21\font =0pt\relax 
(fontspec)             - 'bold' (b/n) with NFSS spec.:
(fontspec)             <->s*[1.0001]"[latinmodern-math.otf]/OT:script=math;lang
uage=dflt;"
(fontspec)             - 'bold small caps'  (b/sc) with NFSS spec.: 
(fontspec)             and font adjustment code:
(fontspec)             \fontdimen 8\font =6.77pt\relax \fontdimen 9\font
(fontspec)             =3.94pt\relax \fontdimen 10\font =4.44pt\relax
(fontspec)             \fontdimen 11\font =6.86pt\relax \fontdimen 12\font
(fontspec)             =3.45pt\relax \fontdimen 13\font =3.63pt\relax
(fontspec)             \fontdimen 14\font =3.63pt\relax \fontdimen 15\font
(fontspec)             =2.89pt\relax \fontdimen 16\font =2.47pt\relax
(fontspec)             \fontdimen 17\font =2.47pt\relax \fontdimen 18\font
(fontspec)             =2.5pt\relax \fontdimen 19\font =2.0pt\relax \fontdimen
(fontspec)             22\font =2.5pt\relax \fontdimen 20\font =0pt\relax
(fontspec)             \fontdimen 21\font =0pt\relax 

LaTeX Font Info:    Encoding `OMS' has changed to `TU' for symbol font
(Font)              `symbols' in the math version `normal' on input line 34.
LaTeX Font Info:    Overwriting symbol font `symbols' in version `normal'
(Font)                  OMS/cmsy/m/n --> TU/latinmodern-math.otf(2)/m/n on inpu
t line 34.
LaTeX Font Info:    Encoding `OMS' has changed to `TU' for symbol font
(Font)              `symbols' in the math version `bold' on input line 34.
LaTeX Font Info:    Overwriting symbol font `symbols' in version `bold'
(Font)                  OMS/cmsy/b/n --> TU/latinmodern-math.otf(2)/b/n on inpu
t line 34.

Package fontspec Info: latinmodern-math scale = 0.9999.


Package fontspec Info: latinmodern-math scale = 0.9999.


Package fontspec Info: latinmodern-math scale = 0.9999.


Package fontspec Info: latinmodern-math scale = 0.9999.


Package fontspec Info: latinmodern-math scale = 0.9999.


Package fontspec Info: Font family 'latinmodern-math.otf(3)' created for font
(fontspec)             'latinmodern-math.otf' with options
(fontspec)             [BoldItalicFont={},ItalicFont={},SmallCapsFont={},Script
=Math,SizeFeatures={{Size=8.5-},{Size=6-8.5,Font=latinmodern-math.otf,Style=Mat
hScript},{Size=-6,Font=latinmodern-math.otf,Style=MathScriptScript}},BoldFont={
latinmodern-math.otf},ScaleAgain=0.9999,FontAdjustment={\fontdimen
(fontspec)             8\font =0.4pt\relax \fontdimen 9\font =2.0pt\relax
(fontspec)             \fontdimen 10\font =1.67pt\relax \fontdimen 11\font
(fontspec)             =1.11pt\relax \fontdimen 12\font =6.0pt\relax
(fontspec)             \fontdimen 13\font =0pt\relax }].
(fontspec)              
(fontspec)              This font family consists of the following NFSS
(fontspec)             series/shapes:
(fontspec)              
(fontspec)             - 'normal' (m/n) with NFSS spec.:
(fontspec)             <8.5->s*[0.9999]"[latinmodern-math.otf]/OT:script=math;l
anguage=dflt;"<6-8.5>s*[0.9999]"[latinmodern-math.otf]/OT:script=math;language=
dflt;+ssty=0;"<-6>s*[0.9999]"[latinmodern-math.otf]/OT:script=math;language=dfl
t;+ssty=1;"
(fontspec)             - 'small caps'  (m/sc) with NFSS spec.: 
(fontspec)             and font adjustment code:
(fontspec)             \fontdimen 8\font =0.4pt\relax \fontdimen 9\font
(fontspec)             =2.0pt\relax \fontdimen 10\font =1.67pt\relax
(fontspec)             \fontdimen 11\font =1.11pt\relax \fontdimen 12\font
(fontspec)             =6.0pt\relax \fontdimen 13\font =0pt\relax 
(fontspec)             - 'bold' (b/n) with NFSS spec.:
(fontspec)             <->s*[0.9999]"[latinmodern-math.otf]/OT:script=math;lang
uage=dflt;"
(fontspec)             - 'bold small caps'  (b/sc) with NFSS spec.: 
(fontspec)             and font adjustment code:
(fontspec)             \fontdimen 8\font =0.4pt\relax \fontdimen 9\font
(fontspec)             =2.0pt\relax \fontdimen 10\font =1.67pt\relax
(fontspec)             \fontdimen 11\font =1.11pt\relax \fontdimen 12\font
(fontspec)             =6.0pt\relax \fontdimen 13\font =0pt\relax 

LaTeX Font Info:    Encoding `OMX' has changed to `TU' for symbol font
(Font)              `largesymbols' in the math version `normal' on input line 3
4.
LaTeX Font Info:    Overwriting symbol font `largesymbols' in version `normal'
(Font)                  OMX/cmex/m/n --> TU/latinmodern-math.otf(3)/m/n on inpu
t line 34.
LaTeX Font Info:    Encoding `OMX' has changed to `TU' for symbol font
(Font)              `largesymbols' in the math version `bold' on input line 34.

LaTeX Font Info:    Overwriting symbol font `largesymbols' in version `bold'
(Font)                  OMX/cmex/m/n --> TU/latinmodern-math.otf(3)/b/n on inpu
t line 34.
LaTeX Font Info:    Font shape `TU/latinmodern-math.otf(2)/m/n' will be
(Font)              scaled to size 12.00128pt on input line 36.
LaTeX Font Info:    Font shape `TU/latinmodern-math.otf(2)/m/n' will be
(Font)              scaled to size 8.00085pt on input line 36.
LaTeX Font Info:    Font shape `TU/latinmodern-math.otf(2)/m/n' will be
(Font)              scaled to size 6.00064pt on input line 36.
LaTeX Font Info:    Font shape `TU/latinmodern-math.otf(3)/m/n' will be
(Font)              scaled to size 11.99872pt on input line 36.
LaTeX Font Info:    Font shape `TU/latinmodern-math.otf(3)/m/n' will be
(Font)              scaled to size 7.99915pt on input line 36.
LaTeX Font Info:    Font shape `TU/latinmodern-math.otf(3)/m/n' will be
(Font)              scaled to size 5.99936pt on input line 36.
LaTeX Font Info:    Trying to load font information for U+msa on input line 36.


(/usr/share/texlive/texmf-dist/tex/latex/amsfonts/umsa.fd
File: umsa.fd 2013/01/14 v3.01 AMS symbols A
)
LaTeX Font Info:    Trying to load font information for U+msb on input line 36.


(/usr/share/texlive/texmf-dist/tex/latex/amsfonts/umsb.fd
File: umsb.fd 2013/01/14 v3.01 AMS symbols B
) [1

] (./content.tex
(/home/arend/lean/lean-bombieri-vinogradov-dev/blueprint/print/../../.lake/buil
d/blueprint/library/BV.tex
(/home/arend/lean/lean-bombieri-vinogradov-dev/.lake/build/blueprint/module/BV/
ForMathlib/IsLocallyBounded.tex)
(/home/arend/lean/lean-bombieri-vinogradov-dev/.lake/build/blueprint/module/BV/
Summatory.tex)
(/home/arend/lean/lean-bombieri-vinogradov-dev/.lake/build/blueprint/module/BV/
Chebyshev.tex)
(/home/arend/lean/lean-bombieri-vinogradov-dev/.lake/build/blueprint/module/BV/
Axioms.tex)
(/home/arend/lean/lean-bombieri-vinogradov-dev/.lake/build/blueprint/module/BV/
Defs.tex)
(/home/arend/lean/lean-bombieri-vinogradov-dev/.lake/build/blueprint/module/BV/
Mathlib/MeasureTheory/Function/LocallyIntegrable.tex)
(/home/arend/lean/lean-bombieri-vinogradov-dev/.lake/build/blueprint/module/BV/
Mathlib/Analysis/Calculus/Deriv/Slope.tex)
(/home/arend/lean/lean-bombieri-vinogradov-dev/.lake/build/blueprint/module/BV/
ForMathlib/Indicator.tex)
(/home/arend/lean/lean-bombieri-vinogradov-dev/.lake/build/blueprint/module/BV/
ForMathlib/RCLikeToComplex.tex)
(/home/arend/lean/lean-bombieri-vinogradov-dev/.lake/build/blueprint/module/BV/
Maximal.tex)
(/home/arend/lean/lean-bombieri-vinogradov-dev/.lake/build/blueprint/module/BV/
VonMangoldt.tex)
(/home/arend/lean/lean-bombieri-vinogradov-dev/.lake/build/blueprint/module/BV/
SiegelWalfisz.tex)
(/home/arend/lean/lean-bombieri-vinogradov-dev/.lake/build/blueprint/module/BV/
Delta.tex)
(/home/arend/lean/lean-bombieri-vinogradov-dev/.lake/build/blueprint/module/BV/
LambdaLE.tex)
(/home/arend/lean/lean-bombieri-vinogradov-dev/.lake/build/blueprint/module/BV/
Dilate.tex)
(/home/arend/lean/lean-bombieri-vinogradov-dev/.lake/build/blueprint/module/BV/
LambdaSharp.tex)
(/home/arend/lean/lean-bombieri-vinogradov-dev/.lake/build/blueprint/module/BV/
Mellin.tex)
(/home/arend/lean/lean-bombieri-vinogradov-dev/.lake/build/blueprint/module/BV/
Flat/Perron.tex)
(/home/arend/lean/lean-bombieri-vinogradov-dev/.lake/build/blueprint/module/BV/
ForMathlib/Log.tex)
(/home/arend/lean/lean-bombieri-vinogradov-dev/.lake/build/blueprint/module/BV/
LambdaFlat.tex)
(/home/arend/lean/lean-bombieri-vinogradov-dev/.lake/build/blueprint/module/BV/
MainResults.tex)
(/home/arend/lean/lean-bombieri-vinogradov-dev/.lake/build/blueprint/module/BV.
tex)) (./chapters/introduction.tex
Chapter 1.
LaTeX Font Info:    Font shape `TU/latinmodern-math.otf(2)/m/n' will be
(Font)              scaled to size 10.00107pt on input line 3.
LaTeX Font Info:    Font shape `TU/latinmodern-math.otf(2)/m/n' will be
(Font)              scaled to size 7.00075pt on input line 3.
LaTeX Font Info:    Font shape `TU/latinmodern-math.otf(2)/m/n' will be
(Font)              scaled to size 5.00053pt on input line 3.
LaTeX Font Info:    Font shape `TU/latinmodern-math.otf(3)/m/n' will be
(Font)              scaled to size 9.99893pt on input line 3.
LaTeX Font Info:    Font shape `TU/latinmodern-math.otf(3)/m/n' will be
(Font)              scaled to size 6.99925pt on input line 3.
LaTeX Font Info:    Font shape `TU/latinmodern-math.otf(3)/m/n' will be
(Font)              scaled to size 4.99947pt on input line 3.

Overfull \hbox (8.1459pt too wide) detected at line 14
[] [] [] [] [][] [] [][] [] [][][] [] [] [] [][]
 []

[1

]) (./chapters/overview.tex [2]
Chapter 2.
LaTeX Font Info:    Font shape `TU/latinmodern-math.otf(2)/m/n' will be
(Font)              scaled to size 14.40152pt on input line 3.
LaTeX Font Info:    Font shape `TU/latinmodern-math.otf(3)/m/n' will be
(Font)              scaled to size 14.39845pt on input line 3.
[3

]) (./chapters/preliminaries.tex [4]
Chapter 3.

(/home/arend/lean/lean-bombieri-vinogradov-dev/.lake/build/blueprint/module/BV/
Chebyshev.artifacts/not:arith.tex)
(/home/arend/lean/lean-bombieri-vinogradov-dev/.lake/build/blueprint/module/BV/
Summatory.artifacts/def:summatory.tex [5

])
(/home/arend/lean/lean-bombieri-vinogradov-dev/.lake/build/blueprint/module/BV/
Chebyshev.artifacts/def:psi.tex)
(/home/arend/lean/lean-bombieri-vinogradov-dev/.lake/build/blueprint/module/BV/
Chebyshev.artifacts/lem:chebyshev.tex)
(/home/arend/lean/lean-bombieri-vinogradov-dev/.lake/build/blueprint/module/BV/
Chebyshev.artifacts/lem:psi-trivial.tex
Overfull \hbox (1.67955pt too wide) in paragraph at lines 12--18
[][][][][][]\TU/lmr/m/n/10 Every summand $[][][][]$ is non-negative, so $[][][]
[] [][] [][]$ is a sub-sum of $[][][][]$ and $[] [] [][][][] [][] [][] []
 []

)
(/home/arend/lean/lean-bombieri-vinogradov-dev/.lake/build/blueprint/module/BV/
VonMangoldt.artifacts/lem:vonMangoldt-not-coprime.tex)
(/home/arend/lean/lean-bombieri-vinogradov-dev/.lake/build/blueprint/module/BV/
Delta.artifacts/lem:hyperbola.tex [6])
(/home/arend/lean/lean-bombieri-vinogradov-dev/.lake/build/blueprint/module/BV/
VonMangoldt.artifacts/lem:moebius.tex)
(/home/arend/lean/lean-bombieri-vinogradov-dev/.lake/build/blueprint/module/BV/
Delta.artifacts/lem:totient.tex)
(/home/arend/lean/lean-bombieri-vinogradov-dev/.lake/build/blueprint/module/BV/
Delta.artifacts/lem:orthogonality.tex)
(/home/arend/lean/lean-bombieri-vinogradov-dev/.lake/build/blueprint/module/BV/
Dilate.artifacts/def:restriction.tex)
(/home/arend/lean/lean-bombieri-vinogradov-dev/.lake/build/blueprint/module/BV/
Dilate.artifacts/lem:restriction-hom.tex [7])
(/home/arend/lean/lean-bombieri-vinogradov-dev/.lake/build/blueprint/module/BV/
Dilate.artifacts/def:dilate.tex)
(/home/arend/lean/lean-bombieri-vinogradov-dev/.lake/build/blueprint/module/BV/
LambdaSharp.artifacts/lem:dilate.tex)
(/home/arend/lean/lean-bombieri-vinogradov-dev/.lake/build/blueprint/module/BV/
Dilate.artifacts/lem:l1-submult.tex)
(/home/arend/lean/lean-bombieri-vinogradov-dev/.lake/build/blueprint/module/BV/
Delta.artifacts/def:Delta.tex)
(/home/arend/lean/lean-bombieri-vinogradov-dev/.lake/build/blueprint/module/BV/
Delta.artifacts/lem:Delta-linear.tex [8])
(/home/arend/lean/lean-bombieri-vinogradov-dev/.lake/build/blueprint/module/BV/
LambdaFlat.artifacts/lem:Delta-trivial.tex)
(/home/arend/lean/lean-bombieri-vinogradov-dev/.lake/build/blueprint/module/BV/
Delta.artifacts/lem:Delta-coprime.tex)
(/home/arend/lean/lean-bombieri-vinogradov-dev/.lake/build/blueprint/module/BV/
Delta.artifacts/lem:Delta-psi.tex)
(/home/arend/lean/lean-bombieri-vinogradov-dev/.lake/build/blueprint/module/BV/
Delta.artifacts/lem:Delta-char.tex)
(/home/arend/lean/lean-bombieri-vinogradov-dev/.lake/build/blueprint/module/BV/
Defs.artifacts/def:parameters.tex [9])
(/home/arend/lean/lean-bombieri-vinogradov-dev/.lake/build/blueprint/module/BV/
Defs.artifacts/lem:parameters.tex)
(/home/arend/lean/lean-bombieri-vinogradov-dev/.lake/build/blueprint/module/BV/
Maximal.artifacts/def:max.tex)
(/home/arend/lean/lean-bombieri-vinogradov-dev/.lake/build/blueprint/module/BV/
Delta.artifacts/lem:max.tex)) (./chapters/inputs.tex [10]
Chapter 4.

(/home/arend/lean/lean-bombieri-vinogradov-dev/.lake/build/blueprint/module/BV/
Axioms.artifacts/thm:siegel-walfisz.tex)
(/home/arend/lean/lean-bombieri-vinogradov-dev/.lake/build/blueprint/module/BV/
SiegelWalfisz.artifacts/cor:pnt.tex [11

])
(/home/arend/lean/lean-bombieri-vinogradov-dev/.lake/build/blueprint/module/BV/
Axioms.artifacts/thm:large-sieve.tex)) (./chapters/auxiliary.tex [12]
Chapter 5.

(/home/arend/lean/lean-bombieri-vinogradov-dev/.lake/build/blueprint/module/BV/
LambdaFlat.artifacts/lem:divisor.tex)
(/home/arend/lean/lean-bombieri-vinogradov-dev/.lake/build/blueprint/module/BV/
LambdaFlat.artifacts/lem:totient-lower.tex)
(/home/arend/lean/lean-bombieri-vinogradov-dev/.lake/build/blueprint/module/BV/
LambdaFlat.artifacts/lem:totient-inv-sum.tex [13

])
(/home/arend/lean/lean-bombieri-vinogradov-dev/.lake/build/blueprint/module/BV/
LambdaFlat.artifacts/lem:log-powers.tex)
(/home/arend/lean/lean-bombieri-vinogradov-dev/.lake/build/blueprint/module/BV/
LambdaFlat.artifacts/lem:log-absorb.tex [14])) (./chapters/vaughan.tex [15]
Chapter 6.

(/home/arend/lean/lean-bombieri-vinogradov-dev/.lake/build/blueprint/module/BV/
Defs.artifacts/def:vaughan-pieces.tex)
(/home/arend/lean/lean-bombieri-vinogradov-dev/.lake/build/blueprint/module/BV/
Defs.artifacts/prop:vaughan.tex)
(/home/arend/lean/lean-bombieri-vinogradov-dev/.lake/build/blueprint/module/BV/
MainResults.artifacts/lem:split-max.tex)) (./chapters/small.tex [16

]
Chapter 7.
LaTeX Font Info:    Font shape `TU/latinmodern-math.otf(2)/m/n' will be
(Font)              scaled to size 24.88266pt on input line 1.
LaTeX Font Info:    Font shape `TU/latinmodern-math.otf(2)/m/n' will be
(Font)              scaled to size 20.74222pt on input line 1.
LaTeX Font Info:    Font shape `TU/latinmodern-math.otf(2)/m/n' will be
(Font)              scaled to size 17.28183pt on input line 1.
LaTeX Font Info:    Font shape `TU/latinmodern-math.otf(3)/m/n' will be
(Font)              scaled to size 24.87733pt on input line 1.
LaTeX Font Info:    Font shape `TU/latinmodern-math.otf(3)/m/n' will be
(Font)              scaled to size 20.73778pt on input line 1.
LaTeX Font Info:    Font shape `TU/latinmodern-math.otf(3)/m/n' will be
(Font)              scaled to size 17.27815pt on input line 1.

(/home/arend/lean/lean-bombieri-vinogradov-dev/.lake/build/blueprint/module/BV/
LambdaSharp.artifacts/lem:l1-coefficients.tex)
(/home/arend/lean/lean-bombieri-vinogradov-dev/.lake/build/blueprint/module/BV/
LambdaFlat.artifacts/lem:small-pointwise.tex)
(/home/arend/lean/lean-bombieri-vinogradov-dev/.lake/build/blueprint/module/BV/
LambdaLE.artifacts/prop:small-average.tex

Package amsthm Warning: The \qedhere command may not work correctly here on inp
ut line 15.

)) (./chapters/typeI.tex [17

]
Chapter 8.

(/home/arend/lean/lean-bombieri-vinogradov-dev/.lake/build/blueprint/module/BV/
Delta.artifacts/lem:Delta-convolution.tex
Overfull \hbox (12.42455pt too wide) in paragraph at lines 13--19
[][][]\TU/lmr/m/n/10 Both sides may be computed in $[]$. By Lemma [][]3.22[][],
 $[][][][][][][][][] [][] [][] [] [][] [] [][][][] []
 []

)
(/home/arend/lean/lean-bombieri-vinogradov-dev/.lake/build/blueprint/module/BV/
Delta.artifacts/lem:Delta-one.tex [18

])
(/home/arend/lean/lean-bombieri-vinogradov-dev/.lake/build/blueprint/module/BV/
Delta.artifacts/lem:Delta-abel.tex)
(/home/arend/lean/lean-bombieri-vinogradov-dev/.lake/build/blueprint/module/BV/
Delta.artifacts/lem:Delta-monotone.tex)
(/home/arend/lean/lean-bombieri-vinogradov-dev/.lake/build/blueprint/module/BV/
LambdaSharp.artifacts/prop:typeI-basic.tex [19])
(/home/arend/lean/lean-bombieri-vinogradov-dev/.lake/build/blueprint/module/BV/
LambdaSharp.artifacts/lem:moebius-expansion.tex)
(/home/arend/lean/lean-bombieri-vinogradov-dev/.lake/build/blueprint/module/BV/
LambdaSharp.artifacts/prop:sharp-pointwise.tex [20])
(/home/arend/lean/lean-bombieri-vinogradov-dev/.lake/build/blueprint/module/BV/
LambdaSharp.artifacts/prop:typeI-average.tex [21]
Overfull \hbox (4.1207pt too wide) in paragraph at lines 17--22
[][][][][] [][] [][] [] [][][][][] [][] [][]$\TU/lmr/m/n/10 , and Proposition [
][]8.7[][] with $[] [] [] [] []$ gives $[][][][][][] [][] [][][] [] [][][][] []
[] [] []$.
 []

)) (./chapters/typeII.tex [22]
Chapter 9.

(/home/arend/lean/lean-bombieri-vinogradov-dev/.lake/build/blueprint/module/BV/
LambdaFlat.artifacts/lem:conductor-grouping.tex)
(/home/arend/lean/lean-bombieri-vinogradov-dev/.lake/build/blueprint/module/BV/
LambdaFlat.artifacts/lem:primitive-moebius.tex [23

])
(/home/arend/lean/lean-bombieri-vinogradov-dev/.lake/build/blueprint/module/BV/
LambdaFlat.artifacts/def:S.tex)
(/home/arend/lean/lean-bombieri-vinogradov-dev/.lake/build/blueprint/module/BV/
LambdaFlat.artifacts/prop:conductor-decomp.tex) [24]
(/home/arend/lean/lean-bombieri-vinogradov-dev/.lake/build/blueprint/module/BV/
LambdaFlat.artifacts/lem:SW-Lambda-q.tex
Overfull \hbox (2.09468pt too wide) in paragraph at lines 17--21
[]\TU/lmr/m/it/10 Step 1: the non-coprime part. \TU/lmr/m/n/10 Since $[][] [] [
]$, Lemma [][]3.19[][] and Lemma [][]3.7[][] give $[][][][][][] [][] [][][] []
 []

)
(/home/arend/lean/lean-bombieri-vinogradov-dev/.lake/build/blueprint/module/BV/
LambdaFlat.artifacts/lem:SW-flat-q.tex)
(/home/arend/lean/lean-bombieri-vinogradov-dev/.lake/build/blueprint/module/BV/
LambdaFlat.artifacts/prop:small-conductors.tex [25])
(/home/arend/lean/lean-bombieri-vinogradov-dev/.lake/build/blueprint/module/BV/
LambdaFlat.artifacts/def:T.tex)
(/home/arend/lean/lean-bombieri-vinogradov-dev/.lake/build/blueprint/module/BV/
LambdaFlat.artifacts/prop:reduction-T.tex [26])
(/home/arend/lean/lean-bombieri-vinogradov-dev/.lake/build/blueprint/module/BV/
Flat/Perron.artifacts/def:supported-pair.tex
Overfull \hbox (19.3776pt too wide) in paragraph at lines 10--13
\TU/lmr/m/n/10 for the associated Dirichlet polynomials, and $[][][][] [][] [] 
[][] [][][][][][][][][]$, $[][][][] [][] [] [][] [][][][][][][][][]$. 
 []

)
(/home/arend/lean/lean-bombieri-vinogradov-dev/.lake/build/blueprint/module/BV/
LambdaFlat.artifacts/def:bump.tex [27])
(/home/arend/lean/lean-bombieri-vinogradov-dev/.lake/build/blueprint/module/BV/
Mellin.artifacts/lem:mellin-bump.tex)
(/home/arend/lean/lean-bombieri-vinogradov-dev/.lake/build/blueprint/module/BV/
Flat/Perron.artifacts/lem:mellin-cutoff.tex)
(/home/arend/lean/lean-bombieri-vinogradov-dev/.lake/build/blueprint/module/BV/
Flat/Perron.artifacts/def:T-eps.tex)
(/home/arend/lean/lean-bombieri-vinogradov-dev/.lake/build/blueprint/module/BV/
Flat/Perron.artifacts/lem:T-mellin.tex [28])
(/home/arend/lean/lean-bombieri-vinogradov-dev/.lake/build/blueprint/module/BV/
Flat/Perron.artifacts/lem:LS-dirichlet-poly.tex)
(/home/arend/lean/lean-bombieri-vinogradov-dev/.lake/build/blueprint/module/BV/
Flat/Perron.artifacts/lem:kernel-J.tex [29])
(/home/arend/lean/lean-bombieri-vinogradov-dev/.lake/build/blueprint/module/BV/
Flat/Perron.artifacts/prop:T-average.tex)
(/home/arend/lean/lean-bombieri-vinogradov-dev/.lake/build/blueprint/module/BV/
Flat/Perron.artifacts/lem:sharp-half-integers.tex [30])
(/home/arend/lean/lean-bombieri-vinogradov-dev/.lake/build/blueprint/module/BV/
LambdaFlat.artifacts/prop:large-sieve-convolution.tex
Overfull \hbox (66.00938pt too wide) detected at line 11
[] [] [] [] [] [][][] [] [][][][][][][][][][] [] [][] [] [][] [] [][] [] [][][]
[][] [][] [] [] [][][][][][][][] [] [][][][][][][][]
 []

) [31]
(/home/arend/lean/lean-bombieri-vinogradov-dev/.lake/build/blueprint/module/BV/
LambdaFlat.artifacts/lem:dyadic.tex)
(/home/arend/lean/lean-bombieri-vinogradov-dev/.lake/build/blueprint/module/BV/
LambdaFlat.artifacts/prop:S-average.tex)
(/home/arend/lean/lean-bombieri-vinogradov-dev/.lake/build/blueprint/module/BV/
LambdaFlat.artifacts/prop:T-bound.tex [32])
(/home/arend/lean/lean-bombieri-vinogradov-dev/.lake/build/blueprint/module/BV/
LambdaFlat.artifacts/prop:typeII-average.tex)) (./chapters/assembly.tex
[33]
Chapter 10.

(/home/arend/lean/lean-bombieri-vinogradov-dev/.lake/build/blueprint/module/BV/
MainResults.artifacts/prop:BV-Delta.tex)
(/home/arend/lean/lean-bombieri-vinogradov-dev/.lake/build/blueprint/module/BV/
MainResults.artifacts/def:E.tex)
(/home/arend/lean/lean-bombieri-vinogradov-dev/.lake/build/blueprint/module/BV/
MainResults.artifacts/lem:compact-range.tex)
(/home/arend/lean/lean-bombieri-vinogradov-dev/.lake/build/blueprint/module/BV/
MainResults.artifacts/lem:large-range.tex [34

])
(/home/arend/lean/lean-bombieri-vinogradov-dev/.lake/build/blueprint/module/BV/
MainResults.artifacts/thm:bombieri-vinogradov.tex))
(./chapters/bibliography.tex [35])) [36

]
(/home/arend/lean/lean-bombieri-vinogradov-dev/blueprint/print/print.aux)
 ***********
LaTeX2e <2023-11-01> patch level 1
L3 programming layer <2024-01-22>
 ***********
Package rerunfilecheck Info: File `print.out' has not changed.
(rerunfilecheck)             Checksum: EC431A07DE9E92B3B81ECABA7C4CEC9D;6919.
 ) 
Here is how much of TeX's memory you used:
 19658 strings out of 474878
 436645 string characters out of 5762516
 1963627 words of memory out of 5000000
 41128 multiletter control sequences out of 15000+600000
 567316 words of font info for 113 fonts, out of 8000000 for 9000
 1348 hyphenation exceptions out of 8191
 90i,9n,114p,498b,545s stack positions out of 10000i,1000n,20000p,200000b,200000s

Output written on /home/arend/lean/lean-bombieri-vinogradov-dev/blueprint/print
/print.pdf (37 pages).
